// Jest Snapshot v1, https://goo.gl/fbAQLP

exports[`Name of the group renders properly 1`] = `ShallowWrapper {}`;

exports[`app loadig renders properly 1`] = `ShallowWrapper {}`;
